2026-10-04 17:53:36,257 - INFO - [31m[1mWARNING: This is a development server. Do not use it in a production deployment. Use a production WSGI server instead.[0m
 * Running on http://127.0.0.1:5000
2026-10-04 17:53:36,257 - INFO - [33mPress CTRL+C to quit[0m
2026-10-04 17:53:36,260 - INFO -  * Restarting with stat
2026-10-04 17:53:36,797 - WARNING -  * Debugger is active!
2026-10-04 17:53:36,802 - INFO -  * Debugger PIN: 811-659-024
2026-10-04 17:54:12,855 - INFO - Email sent successfully to kripashankar1917@gmail.com
2026-10-04 17:54:13,118 - INFO - 127.0.0.1 - - [04/Oct/2026 17:54:13] "POST /send-email HTTP/1.1" 200 -
2026-10-04 17:55:16,703 - INFO -  * Detected change in 'C:\\Users\\yagye\\email-api\\app.py', reloading
2026-10-04 17:55:16,769 - INFO -  * Restarting with stat
2026-10-04 17:55:17,424 - WARNING -  * Debugger is active!
2026-10-04 17:55:17,429 - INFO -  * Debugger PIN: 811-659-024
2026-10-04 17:55:35,819 - INFO - [31m[1mWARNING: This is a development server. Do not use it in a production deployment. Use a production WSGI server instead.[0m
 * Running on http://127.0.0.1:5000
2026-10-04 17:55:35,820 - INFO - [33mPress CTRL+C to quit[0m
2026-10-04 17:55:35,823 - INFO -  * Restarting with stat
2026-10-04 17:55:36,434 - WARNING -  * Debugger is active!
2026-10-04 17:55:36,437 - INFO -  * Debugger PIN: 811-659-024
2026-10-04 17:58:12,592 - INFO -  * Detected change in 'C:\\Users\\yagye\\email-api\\app.py', reloading
2026-10-04 17:58:12,698 - INFO -  * Restarting with stat
2026-10-04 17:58:13,297 - WARNING -  * Debugger is active!
2026-10-04 17:58:13,303 - INFO -  * Debugger PIN: 811-659-024
2026-10-04 17:59:08,424 - INFO -  * Detected change in 'C:\\Users\\yagye\\email-api\\app.py', reloading
2026-10-04 17:59:08,471 - INFO -  * Restarting with stat
2026-10-04 17:59:09,708 - WARNING -  * Debugger is active!
2026-10-04 17:59:09,715 - INFO -  * Debugger PIN: 811-659-024
2026-10-04 17:59:46,894 - INFO - Email sent successfully to kripashankar1917@gmail.com
2026-10-04 17:59:47,179 - INFO - 127.0.0.1 - - [04/Oct/2026 17:59:47] "POST /send-email HTTP/1.1" 200 -
2026-10-04 18:01:12,458 - INFO -  * Detected change in 'C:\\Users\\yagye\\email-api\\app.py', reloading
2026-10-04 18:01:12,588 - INFO -  * Restarting with stat
2026-10-04 18:01:13,519 - WARNING -  * Debugger is active!
2026-10-04 18:01:13,525 - INFO -  * Debugger PIN: 811-659-024
